npm error code ERESOLVE
npm error ERESOLVE could not resolve
npm error
npm error While resolving: vite-plugin-restart@0.4.1
npm error Found: vite@7.2.4
npm error node_modules/vite
npm error   vite@"^7.2.4" from the root project
npm error   peer vite@"^6.0.0 || ^7.0.0" from @vitejs/plugin-basic-ssl@2.1.0
npm error   node_modules/@vitejs/plugin-basic-ssl
npm error     @vitejs/plugin-basic-ssl@"^2.1.0" from the root project
npm error   3 more (vite-plugin-node-polyfills, ...)
npm error
npm error Could not resolve dependency:
npm error peer vite@"^2.9.0 || ^3.0.0 || ^4.0.0 || ^5.0.0" from vite-plugin-restart@0.4.1
npm error node_modules/vite-plugin-restart
npm error   vite-plugin-restart@"^0.4.1" from the root project
npm error
npm error Conflicting peer dependency: vite@5.4.21
npm error node_modules/vite
npm error   peer vite@"^2.9.0 || ^3.0.0 || ^4.0.0 || ^5.0.0" from vite-plugin-restart@0.4.1
npm error   node_modules/vite-plugin-restart
npm error     vite-plugin-restart@"^0.4.1" from the root project
npm error
npm error Fix the upstream dependency conflict, or retry
npm error this command with --force or --legacy-peer-deps
npm error to accept an incorrect (and potentially broken) dependency resolution.
npm error
npm error
npm error For a full report see:
npm error /Users/jyxc-dz-0100378/.npm/_logs/2026-09-11T09_22_41_097Z-eresolve-report.txt
npm error A complete log of this run can be found in: /Users/jyxc-dz-0100378/.npm/_logs/2026-09-11T09_22_41_097Z-debug-0.log
